#! /c/Source/iverilog-install/bin/vvp
:ivl_version "12.0 (devel)" "(s20150603-1110-g18392a46)";
:ivl_delay_selection "TYPICAL";
:vpi_time_precision + 0;
:vpi_module "C:\iverilog\lib\ivl\system.vpi";
:vpi_module "C:\iverilog\lib\ivl\vhdl_sys.vpi";
:vpi_module "C:\iverilog\lib\ivl\vhdl_textio.vpi";
:vpi_module "C:\iverilog\lib\ivl\v2005_math.vpi";
:vpi_module "C:\iverilog\lib\ivl\va_math.vpi";
S_000001ecc2e2edf0 .scope module, "test" "test" 2 1;
 .timescale 0 0;
v000001ecc2e29560_0 .var "a", 0 0;
v000001ecc2e29600_0 .var "b", 0 0;
v000001ecc2ee5310_0 .net "y", 0 0, L_000001ecc2e2e760;  1 drivers
S_000001ecc2ee5180 .scope module, "uut" "and_gate" 2 6, 3 1 0, S_000001ecc2e2edf0;
 .timescale 0 0;
    .port_info 0 /INPUT 1 "a";
    .port_info 1 /INPUT 1 "b";
    .port_info 2 /OUTPUT 1 "y";
L_000001ecc2e2e760 .functor AND 1, v000001ecc2e29560_0, v000001ecc2e29600_0, C4<1>, C4<1>;
v000001ecc2eb2ff0_0 .net "a", 0 0, v000001ecc2e29560_0;  1 drivers
v000001ecc2eb2b20_0 .net "b", 0 0, v000001ecc2e29600_0;  1 drivers
v000001ecc2e2e6c0_0 .net "y", 0 0, L_000001ecc2e2e760;  alias, 1 drivers
    .scope S_000001ecc2e2edf0;
T_0 ;
    %pushi/vec4 0, 0, 1;
    %store/vec4 v000001ecc2e29560_0, 0, 1;
    %pushi/vec4 0, 0, 1;
    %store/vec4 v000001ecc2e29600_0, 0, 1;
    %delay 1, 0;
    %vpi_call 2 14 "$display", "%b %b -> %b", v000001ecc2e29560_0, v000001ecc2e29600_0, v000001ecc2ee5310_0 {0 0 0};
    %pushi/vec4 0, 0, 1;
    %store/vec4 v000001ecc2e29560_0, 0, 1;
    %pushi/vec4 1, 0, 1;
    %store/vec4 v000001ecc2e29600_0, 0, 1;
    %delay 1, 0;
    %vpi_call 2 17 "$display", "%b %b -> %b", v000001ecc2e29560_0, v000001ecc2e29600_0, v000001ecc2ee5310_0 {0 0 0};
    %pushi/vec4 1, 0, 1;
    %store/vec4 v000001ecc2e29560_0, 0, 1;
    %pushi/vec4 0, 0, 1;
    %store/vec4 v000001ecc2e29600_0, 0, 1;
    %delay 1, 0;
    %vpi_call 2 20 "$display", "%b %b -> %b", v000001ecc2e29560_0, v000001ecc2e29600_0, v000001ecc2ee5310_0 {0 0 0};
    %pushi/vec4 1, 0, 1;
    %store/vec4 v000001ecc2e29560_0, 0, 1;
    %pushi/vec4 1, 0, 1;
    %store/vec4 v000001ecc2e29600_0, 0, 1;
    %delay 1, 0;
    %vpi_call 2 23 "$display", "%b %b -> %b", v000001ecc2e29560_0, v000001ecc2e29600_0, v000001ecc2ee5310_0 {0 0 0};
    %vpi_call 2 25 "$finish" {0 0 0};
    %end;
    .thread T_0;
# The file index is used to find the file name in the following table.
:file_names 4;
    "N/A";
    "<interactive>";
    "test.v";
    "lol.v";
